// Jest Snapshot v1, https://goo.gl/fbAQLP

exports[`<AuthorList /> component when author is less than 3 should match snapshot 1`] = `"<div class=\\"authorListWrapper\\"><span class=\\"authorItem\\"><div class=\\"contentWrapper\\"><div class=\\"authorName\\">pepsi</div><div class=\\"authorOrganization\\"></div></div></span><span class=\\"authorItem\\"><div class=\\"contentWrapper\\"><div class=\\"authorName\\">pepsi</div><div class=\\"authorOrganization\\"></div></div></span><span class=\\"authorItem\\"><div class=\\"contentWrapper\\"><div class=\\"authorName\\">pepsi</div><div class=\\"authorOrganization\\"></div></div></span></div>"`;

exports[`<AuthorList /> component when author is more than 3 should match snapshot 1`] = `"<div class=\\"authorListWrapper\\"><span class=\\"authorItem\\"><div class=\\"contentWrapper\\"><div class=\\"authorName\\">pepsi</div><div class=\\"authorOrganization\\"></div></div></span><span class=\\"authorItem\\"><div class=\\"contentWrapper\\"><div class=\\"authorName\\">pepsi</div><div class=\\"authorOrganization\\"></div></div></span><span class=\\"authorItem\\"><div class=\\"contentWrapper\\"><div class=\\"authorName\\">pepsi</div><div class=\\"authorOrganization\\"></div></div></span></div>"`;
