// Jest Snapshot v1, https://goo.gl/fbAQLP

exports[`<AuthorList /> component when author is less than 3 should match snapshot 1`] = `"<div class=\\"authorListWrapper\\"><span class=\\"authorItem\\"><div class=\\"contentWrapper\\"><div class=\\"authorName\\">Jeffrey C. Lagarias</div><div class=\\"authorOrganization\\">University of Michigan</div></div></span><span class=\\"authorItem\\"><div class=\\"contentWrapper\\"><div class=\\"authorName\\">Jeffrey C. Lagarias</div><div class=\\"authorOrganization\\">University of Michigan</div></div></span></div>"`;

exports[`<AuthorList /> component when author is more than 3 should match snapshot 1`] = `"<div class=\\"authorListWrapper\\"><span class=\\"authorItem\\"><div class=\\"contentWrapper\\"><div class=\\"authorName\\">Jeffrey C. Lagarias</div><div class=\\"authorOrganization\\">University of Michigan</div></div></span><span class=\\"authorItem\\"><div class=\\"contentWrapper\\"><div class=\\"authorName\\">Jeffrey C. Lagarias</div><div class=\\"authorOrganization\\">University of Michigan</div></div></span><span class=\\"authorItem\\"><div class=\\"contentWrapper\\"><div class=\\"authorName\\">Jeffrey C. Lagarias</div><div class=\\"authorOrganization\\">University of Michigan</div></div></span><div class=\\"moreButton\\">+ More</div></div>"`;
