// Jest Snapshot v1, https://goo.gl/fbAQLP

exports[`JournalShow Container Component when journal data exist should render correctly 1`] = `
<div>
  <div
    className="journalShowWrapper"
  >
    <div
      className="headSection"
    >
      <div
        className="container"
      >
        <div
          className="leftBox"
        >
          <div
            className="title"
          >
            <span>
              Applied Mathematics and Computation
            </span>
          </div>
          <div
            className="infoWrapper"
          >
            <span>
              <div
                className="subtitle"
              >
                Papers
              </div>
              <strong>
                19555
              </strong>
            </span>
          </div>
        </div>
      </div>
    </div>
    <div
      className="paperListContainer"
    >
      <div
        className="container"
      >
        <div
          className="leftBox"
        >
          <div
            className="paperListBox"
          >
            <div
              className="header"
            >
              <div
                className="listTitle"
              >
                <span>
                  Papers 
                </span>
                <span
                  className="paperCount"
                >
                  0
                </span>
              </div>
              <div
                className="searchInputWrapper"
              >
                <div
                  className="inputBox"
                >
                  <input
                    autoFocus={false}
                    defaultValue=""
                    onChange={[Function]}
                    onKeyDown={[Function]}
                    placeholder="Search papers in this journal"
                  />
                  <div
                    className="icon"
                    onClick={[Function]}
                  >
                    <i
                      className="icon"
                    />
                  </div>
                </div>
              </div>
            </div>
            <div
              className="subHeader"
            >
              <div
                className="resultPaperCount"
              >
                1 page of 1 pages (0 results)
              </div>
              <div
                className="sortBoxWrapper"
              >
                <div
                  className="sortBoxWrapper"
                >
                  <div
                    className="currentOption"
                    onClick={[Function]}
                  >
                    <span
                      className="sortOptionText"
                    >
                      Newest
                    </span>
                    <i
                      className="icon downArrow"
                    />
                  </div>
                </div>
              </div>
            </div>
            <div>
              <div
                className="paperItemWrapper"
              >
                <div
                  className="contentSection"
                >
                  <div>
                    <a
                      className="title"
                      href="/papers/8107"
                      onClick={[Function]}
                    >
                      <span
                        dangerouslySetInnerHTML={
                          Object {
                            "__html": "Understanding the very nature of Project Management : a praxiological approach",
                          }
                        }
                      />
                    </a>
                    <a
                      className="newTabIconWrapper"
                      href="/papers/8107"
                      onClick={[Function]}
                      rel="noopener"
                      target="_blank"
                    >
                      <i
                        className="icon newTabIcon"
                      />
                    </a>
                  </div>
                  <div
                    className="publishInfoList"
                  >
                    <div
                      className="venue"
                    >
                      <i
                        className="icon"
                      />
                      <div
                        className="journalText"
                      >
                        <span
                          className="bold"
                        >
                          2005
                        </span>
                      </div>
                    </div>
                    <div
                      className="author"
                    >
                      <i
                        className="icon"
                      />
                      <span
                        className="authors"
                      >
                        <span
                          className="author"
                        >
                          <a
                            className="authorName"
                            href="/authors/538589259"
                            onClick={[Function]}
                          >
                            Christophe Bredillet
                          </a>
                          <span
                            className="authorHIndex"
                          >
                            <span
                              className="hIndexChar"
                            >
                              13
                            </span>
                            <div
                              className="detailHIndexBox"
                            >
                              <div
                                className="contentWrapper"
                              >
                                Estimated H-index: 13
                              </div>
                            </div>
                          </span>
                           (Queensland University of Technology)
                        </span>
                      </span>
                    </div>
                  </div>
                  <span
                    className="abstract"
                    style={Object {}}
                  >
                    <span>
                      Foreword: In this paper I call upon a praxiological approach. Praxeology (early alteration of praxiology) is the study of human action and conduct. The name praxeology/praxiologyakes is root in praxis, Medieval Latin, from Greek, doing, action, from prassein to do, practice (Merriam-Webster Dictionary). Having been involved in project management education, research and practice for the last twenty years, I have constantly tried to improve and to provide a better understanding/knowledge of the fi...
                    </span>
                    <label
                      className="moreOrLess"
                      onClick={[Function]}
                    >
                      <span>
                        more
                      </span>
                    </label>
                  </span>
                  <div
                    className="infoList"
                  >
                    <a
                      className="citedButton"
                      href="/papers/8107#cited"
                      onClick={[Function]}
                    >
                      <span>
                        6 Citations
                      </span>
                    </a>
                    <a
                      className="sourceButton"
                      href="http://eprints.qut.edu.au/49501/"
                      onClick={[Function]}
                      rel="noopener"
                      target="_blank"
                    >
                      <i
                        className="icon sourceButtonIcon"
                      />
                      <span>
                        Source
                      </span>
                    </a>
                    <button
                      className="addCollectionBtnWrapper"
                      onClick={[Function]}
                    >
                      <i
                        className="icon plusIcon"
                      />
                      <span>
                        Add To Collection
                      </span>
                    </button>
                    <div
                      className="claimButton"
                    >
                      <div>
                        <button
                          className="MuiButtonBase-root-10 MuiIconButton-root-4 additionalMenuIcon"
                          disabled={false}
                          onBlur={[Function]}
                          onClick={[Function]}
                          onFocus={[Function]}
                          onKeyDown={[Function]}
                          onKeyUp={[Function]}
                          onMouseDown={[Function]}
                          onMouseLeave={[Function]}
                          onMouseUp={[Function]}
                          onTouchEnd={[Function]}
                          onTouchMove={[Function]}
                          onTouchStart={[Function]}
                          tabIndex="0"
                          type="button"
                        >
                          <span
                            className="MuiIconButton-label-9"
                          >
                            <i
                              className="icon ellipsisIcon"
                            />
                          </span>
                          <span
                            className="MuiTouchRipple-root-13"
                          />
                        </button>
                      </div>
                    </div>
                  </div>
                </div>
              </div>
            </div>
            <div>
              <div
                className="paginationWrapper"
                style={
                  Object {
                    "margin": "24px 0",
                  }
                }
              >
                <div
                  className="prevButtons"
                />
                <span
                  className="pageItem active"
                  onClick={[Function]}
                >
                  1
                </span>
              </div>
            </div>
          </div>
        </div>
        <div
          className="rightBox"
        >
          <div
            className="fosSection"
          >
            <div
              className="topFosTitle"
            >
              Top fields of study
            </div>
            <div
              className="fosWrapper"
            >
              <a
                className="buttonWrapper"
                href="/search?query=Mathematics&sort=RELEVANCE&page=1&filter=year%3D%3A%2Cfos%3D%2Cjournal%3D"
                onClick={[Function]}
                rel="noopener"
                target="_blank"
              >
                Mathematics
              </a>
              <a
                className="buttonWrapper"
                href="/search?query=Numerical%20analysis&sort=RELEVANCE&page=1&filter=year%3D%3A%2Cfos%3D%2Cjournal%3D"
                onClick={[Function]}
                rel="noopener"
                target="_blank"
              >
                Numerical analysis
              </a>
              <a
                className="buttonWrapper"
                href="/search?query=Mathematical%20optimization&sort=RELEVANCE&page=1&filter=year%3D%3A%2Cfos%3D%2Cjournal%3D"
                onClick={[Function]}
                rel="noopener"
                target="_blank"
              >
                Mathematical optimization
              </a>
              <a
                className="buttonWrapper"
                href="/search?query=Mathematical%20analysis&sort=RELEVANCE&page=1&filter=year%3D%3A%2Cfos%3D%2Cjournal%3D"
                onClick={[Function]}
                rel="noopener"
                target="_blank"
              >
                Mathematical analysis
              </a>
              <a
                className="buttonWrapper"
                href="/search?query=Boundary%20value%20problem&sort=RELEVANCE&page=1&filter=year%3D%3A%2Cfos%3D%2Cjournal%3D"
                onClick={[Function]}
                rel="noopener"
                target="_blank"
              >
                Boundary value problem
              </a>
            </div>
          </div>
        </div>
      </div>
    </div>
  </div>
  <footer
    className="footerContainer"
    style={
      Object {
        "backgroundColor": "white",
      }
    }
  >
    <div
      className="title"
    >
      <div>
        © 2019 Pluto Network. All rights reserved
      </div>
    </div>
    <div
      className="rightBox"
    >
      <a
        className="link"
        href="https://www.facebook.com/PlutoNetwork/"
        onClick={[Function]}
        rel="noopener"
        target="_blank"
      >
        Facebook
      </a>
      <a
        className="link"
        href="https://twitter.com/pluto_network"
        onClick={[Function]}
        rel="noopener"
        target="_blank"
      >
        Twitter
      </a>
      <a
        className="link"
        href="https://medium.com/pluto-network"
        onClick={[Function]}
        rel="noopener"
        target="_blank"
      >
        Blog
      </a>
      <a
        className="link"
        href="https://pluto.im"
        onClick={[Function]}
        rel="noopener"
        target="_blank"
      >
        About us
      </a>
      <a
        className="link"
        href="mailto:team@pluto.im"
        onClick={[Function]}
        rel="noopener"
        target="_blank"
      >
        Contact us
      </a>
      <a
        className="link"
        href="https://www.notion.so/pluto/Frequently-Asked-Questions-4b4af58220aa4e00a4dabd998206325c"
        onClick={[Function]}
        rel="noopener"
        target="_blank"
      >
        FAQ
      </a>
      <a
        className="link"
        href="https://www.notion.so/pluto/Scinapse-Updates-6a05160afde44ba1a6ed312899c23dae"
        onClick={[Function]}
        rel="noopener"
        target="_blank"
      >
        Updates
      </a>
      <a
        className="termsOfServiceLink"
        href="https://scinapse.io/terms-of-service"
      >
        Terms of service
      </a>
    </div>
  </footer>
</div>
`;
