// Jest Snapshot v1, https://goo.gl/fbAQLP

exports[`<EvaluationComments /> component should match snapshot 1`] = `"<div class=\\"commentsWrapper\\"><div class=\\"commentWrapper\\"><div class=\\"authorInformation\\"><img class=\\"icon avatarIcon\\" src=\\"https://dd2gn9pwu61vr.cloudfront.net/avatar\\" alt=\\"AVATAR\\"/><span class=\\"authorName\\">tedyeee</span></div><div class=\\"commentArea\\">this is comment.</div><div class=\\"commentedAt\\">5 days ago</div></div><div class=\\"evaluationCommentInputWrapper\\"><span class=\\"userAvatarWrapper\\"><img class=\\"icon avatarIcon\\" src=\\"https://dd2gn9pwu61vr.cloudfront.net/avatar\\" alt=\\"AVATAR\\"/></span><form class=\\"form\\"><input class=\\"commentInput\\" value=\\"\\" placeholder=\\"Comment your opinion about this peer evaluation\\"/><div class=\\"submitButtonWrapper\\"><button disabled=\\"\\" class=\\"submitButton\\" type=\\"submit\\">Confirm</button></div></form></div></div>"`;
